[0m23:32:16.180928 [debug] [MainThread]: Sending event: {'category': 'dbt', 'action': 'invocation', 'label': 'start', 'context': [<snowplow_tracker.self_describing_json.SelfDescribingJson object at 0x000002621A1BD7F0>, <snowplow_tracker.self_describing_json.SelfDescribingJson object at 0x000002621C973ED0>, <snowplow_tracker.self_describing_json.SelfDescribingJson object at 0x000002621C973B10>]}


============================== 23:32:16.218447 | e1666db8-1674-4fd3-968e-07226f52c11c ==============================
[0m23:32:16.218447 [info ] [MainThread]: Running with dbt=1.12.3
[0m23:32:16.219813 [debug] [MainThread]: running dbt with arguments {'maximum_seed_size_mib': '1', 'no_print': 'None', 'version_check': 'True', 'warn_error_options': 'WarnErrorOptionsV2(error=[], warn=[], silence=[])', 'target_path': 'None', 'static_parser': 'True', 'printer_width': '80', 'write_json': 'True', 'introspect': 'True', 'log_cache_events': 'False', 'empty': 'None', 'cache_selected_only': 'False', 'fail_fast': 'False', 'debug': 'False', 'log_format': 'default', 'profiles_dir': 'C:\\Users\\thanh\\.dbt', 'send_anonymous_usage_stats': 'True', 'quiet': 'False', 'warn_error': 'None', 'partial_parse': 'True', 'indirect_selection': 'eager', 'hints_enabled': 'True', 'invocation_command': 'dbt init crypto_dbt', 'use_experimental_parser': 'False', 'use_colors': 'True', 'log_path': 'logs'}
[0m23:32:16.435338 [info ] [MainThread]: Creating dbt configuration folder at C:\Users\thanh\.dbt
[0m23:32:16.456812 [debug] [MainThread]: Starter project path: C:\Users\thanh\Desktop\PROJECT\ETL Pipeline end-to-end\Crypto-ETL-Pipeline\venv\Lib\site-packages\dbt\include\starter_project
[0m23:32:16.502491 [info ] [MainThread]: Setting up your profile.
[0m23:32:35.109439 [info ] [MainThread]: Profile crypto_dbt written to C:\Users\thanh\.dbt\profiles.yml using target's sample configuration. Once updated, you'll be able to start developing with dbt.
[0m23:32:35.151356 [info ] [MainThread]: Running dbt debug to validate the project...
[0m23:32:35.152217 [info ] [MainThread]: dbt version: 1.12.3
[0m23:32:35.152707 [info ] [MainThread]: python version: 3.13.9
[0m23:32:35.153138 [info ] [MainThread]: python path: C:\Users\thanh\Desktop\PROJECT\ETL Pipeline end-to-end\Crypto-ETL-Pipeline\venv\Scripts\python.exe
[0m23:32:35.153774 [info ] [MainThread]: os info: Windows-11-10.0.26200-SP0
[0m23:32:35.279974 [info ] [MainThread]: Using profiles dir at C:\Users\thanh\.dbt
[0m23:32:35.280728 [info ] [MainThread]: Using profiles.yml file at C:\Users\thanh\.dbt\profiles.yml
[0m23:32:35.281314 [info ] [MainThread]: Using dbt_project.yml file at C:\Users\thanh\Desktop\PROJECT\ETL Pipeline end-to-end\Crypto-ETL-Pipeline\dbt_project\crypto_dbt\dbt_project.yml
[0m23:32:35.283468 [info ] [MainThread]: adapter type: duckdb
[0m23:32:35.284157 [info ] [MainThread]: adapter version: 1.11.0
[0m23:32:35.404825 [info ] [MainThread]: Configuration:
[0m23:32:35.405522 [info ] [MainThread]:   profiles.yml file [[32mOK found and valid[0m]
[0m23:32:35.406185 [info ] [MainThread]:   dbt_project.yml file [[32mOK found and valid[0m]
[0m23:32:35.406866 [info ] [MainThread]: Required dependencies:
[0m23:32:35.407557 [debug] [MainThread]: Executing "git --help"
[0m23:32:35.475593 [debug] [MainThread]: STDOUT: "b"usage: git [-v | --version] [-h | --help] [-C <path>] [-c <name>=<value>]\n           [--exec-path[=<path>]] [--html-path] [--man-path] [--info-path]\n           [-p | --paginate | -P | --no-pager] [--no-replace-objects] [--no-lazy-fetch]\n           [--no-optional-locks] [--no-advice] [--bare] [--git-dir=<path>]\n           [--work-tree=<path>] [--namespace=<name>] [--config-env=<name>=<envvar>]\n           <command> [<args>]\n\nThese are common Git commands used in various situations:\n\nstart a working area (see also: git help tutorial)\n   clone      Clone a repository into a new directory\n   init       Create an empty Git repository or reinitialize an existing one\n\nwork on the current change (see also: git help everyday)\n   add        Add file contents to the index\n   mv         Move or rename a file, a directory, or a symlink\n   restore    Restore working tree files\n   rm         Remove files from the working tree and from the index\n\nexamine the history and state (see also: git help revisions)\n   bisect     Use binary search to find the commit that introduced a bug\n   diff       Show changes between commits, commit and working tree, etc\n   grep       Print lines matching a pattern\n   log        Show commit logs\n   show       Show various types of objects\n   status     Show the working tree status\n\ngrow, mark and tweak your common history\n   backfill   Download missing objects in a partial clone\n   branch     List, create, or delete branches\n   commit     Record changes to the repository\n   merge      Join two or more development histories together\n   rebase     Reapply commits on top of another base tip\n   reset      Reset current HEAD to the specified state\n   switch     Switch branches\n   tag        Create, list, delete or verify a tag object signed with GPG\n\ncollaborate (see also: git help workflows)\n   fetch      Download objects and refs from another repository\n   pull       Fetch from and integrate with another repository or a local branch\n   push       Update remote refs along with associated objects\n\n'git help -a' and 'git help -g' list available subcommands and some\nconcept guides. See 'git help <command>' or 'git help <concept>'\nto read about a specific subcommand or concept.\nSee 'git help git' for an overview of the system.\n""
[0m23:32:35.476300 [debug] [MainThread]: STDERR: "b''"
[0m23:32:35.476779 [info ] [MainThread]:  - git [[32mOK found[0m]

[0m23:32:35.477326 [info ] [MainThread]: Connection:
[0m23:32:35.477922 [info ] [MainThread]:   database: dev
[0m23:32:35.478559 [info ] [MainThread]:   schema: main
[0m23:32:35.479069 [info ] [MainThread]:   path: dev.duckdb
[0m23:32:35.479474 [info ] [MainThread]:   config_options: None
[0m23:32:35.479840 [info ] [MainThread]:   extensions: None
[0m23:32:35.480178 [info ] [MainThread]:   settings: {}
[0m23:32:35.480509 [info ] [MainThread]:   external_root: .
[0m23:32:35.480915 [info ] [MainThread]:   use_credential_provider: None
[0m23:32:35.481255 [info ] [MainThread]:   attach: None
[0m23:32:35.481588 [info ] [MainThread]:   filesystems: None
[0m23:32:35.482186 [info ] [MainThread]:   remote: None
[0m23:32:35.482914 [info ] [MainThread]:   plugins: None
[0m23:32:35.483331 [info ] [MainThread]:   disable_transactions: False
[0m23:32:35.484012 [info ] [MainThread]: Registered adapter: duckdb=1.11.0
[0m23:32:35.716023 [debug] [MainThread]: Acquiring new duckdb connection 'debug'
[0m23:32:43.367346 [debug] [MainThread]: Using duckdb connection "debug"
[0m23:32:43.368455 [debug] [MainThread]: On debug: select 1 as id
[0m23:32:43.369518 [debug] [MainThread]: Opening a new connection, currently in state init
[0m23:32:43.431761 [debug] [MainThread]: SQL status: OK in 0.061 seconds
[0m23:32:43.433606 [debug] [MainThread]: On debug: Close
[0m23:32:43.434359 [info ] [MainThread]:   Connection test: [[32mOK connection ok[0m]

[0m23:32:43.435789 [info ] [MainThread]: [32mAll checks passed![0m
[0m23:32:43.437080 [info ] [MainThread]: Your new dbt project "crypto_dbt" was created!
Initialized new project in C:\Users\thanh\Desktop\PROJECT\ETL Pipeline end-to-end\Crypto-ETL-Pipeline\dbt_project\crypto_dbt\crypto_dbt

For more information on how to configure the profiles.yml file,
please consult the dbt documentation here:

  https://docs.getdbt.com/docs/configure-your-profile

One more thing:

Need help? Don't hesitate to reach out to us via GitHub issues or on Slack:

  https://community.getdbt.com/

Happy modeling!

[0m23:32:43.440029 [debug] [MainThread]: Command `dbt init` succeeded at 23:32:43.439765 after 27.49 seconds
[0m23:32:43.440733 [debug] [MainThread]: Connection 'debug' was properly closed.
[0m23:32:43.441570 [debug] [MainThread]: Sending event: {'category': 'dbt', 'action': 'invocation', 'label': 'end', 'context': [<snowplow_tracker.self_describing_json.SelfDescribingJson object at 0x000002621CC7A9E0>, <snowplow_tracker.self_describing_json.SelfDescribingJson object at 0x000002621C8220F0>, <snowplow_tracker.self_describing_json.SelfDescribingJson object at 0x000002621CCDBCE0>]}
[0m23:32:43.442457 [debug] [MainThread]: Flushing usage events
[0m23:32:45.624852 [debug] [MainThread]: An error was encountered while trying to flush usage events
